../Core/Src/main.c:78:1:__io_putchar	16	static
../Core/Src/main.c:87:5:_write	32	static
../Core/Src/main.c:109:5:main	2304	static
../Core/Src/main.c:252:6:SystemClock_Config	88	static
../Core/Src/main.c:298:13:MX_SPI1_Init	8	static
../Core/Src/main.c:336:13:MX_SPI4_Init	8	static
../Core/Src/main.c:374:13:MX_USART1_UART_Init	8	static
../Core/Src/main.c:407:13:MX_USART2_UART_Init	8	static
../Core/Src/main.c:440:13:MX_GPIO_Init	40	static
../Core/Src/main.c:483:6:Error_Handler	4	static,ignoring_inline_asm
